{
    "Nextflow run nf-core/demo - docker,test": {
        "content": [
            [
                "",
                "cowpy",
                "cowpy/cowpy.txt",
                "fastqc",
                "fastqc/SAMPLE1_PE",
                "fastqc/SAMPLE1_PE/SAMPLE1_PE_1_fastqc.html",
                "fastqc/SAMPLE1_PE/SAMPLE1_PE_2_fastqc.html",
                "fastqc/SAMPLE2_PE",
                "fastqc/SAMPLE2_PE/SAMPLE2_PE_1_fastqc.html",
                "fastqc/SAMPLE2_PE/SAMPLE2_PE_2_fastqc.html",
                "fastqc/SAMPLE3_SE",
                "fastqc/SAMPLE3_SE/SAMPLE3_SE_1_fastqc.html",
                "fastqc/SAMPLE3_SE/SAMPLE3_SE_2_fastqc.html",
                "fq",
                "fq/SAMPLE1_PE",
                "fq/SAMPLE1_PE/SAMPLE1_PE_sample1_R1.fastq.gz",
                "fq/SAMPLE1_PE/SAMPLE1_PE_sample1_R2.fastq.gz",
                "fq/SAMPLE2_PE",
                "fq/SAMPLE2_PE/SAMPLE2_PE_sample2_R1.fastq.gz",
                "fq/SAMPLE2_PE/SAMPLE2_PE_sample2_R2.fastq.gz",
                "fq/SAMPLE3_SE",
                "fq/SAMPLE3_SE/SAMPLE3_SE_sample1_R1.fastq.gz",
                "fq/SAMPLE3_SE/SAMPLE3_SE_sample2_R1.fastq.gz",
                "multiqc",
                "multiqc/multiqc_data",
                "multiqc/multiqc_data/fastqc-status-check-heatmap.txt",
                "multiqc/multiqc_data/fastqc_overrepresented_sequences_plot.txt",
                "multiqc/multiqc_data/fastqc_per_base_n_content_plot.txt",
                "multiqc/multiqc_data/fastqc_per_base_sequence_quality_plot.txt",
                "multiqc/multiqc_data/fastqc_per_sequence_gc_content_plot_Counts.txt",
                "multiqc/multiqc_data/fastqc_per_sequence_gc_content_plot_Percentages.txt",
                "multiqc/multiqc_data/fastqc_per_sequence_quality_scores_plot.txt",
                "multiqc/multiqc_data/fastqc_sequence_counts_plot.txt",
                "multiqc/multiqc_data/fastqc_sequence_duplication_levels_plot.txt",
                "multiqc/multiqc_data/fastqc_sequence_length_distribution_plot.txt",
                "multiqc/multiqc_data/fastqc_top_overrepresented_sequences_table.txt",
                "multiqc/multiqc_data/llms-full.txt",
                "multiqc/multiqc_data/multiqc.log",
                "multiqc/multiqc_data/multiqc.parquet",
                "multiqc/multiqc_data/multiqc_citations.txt",
                "multiqc/multiqc_data/multiqc_data.json",
                "multiqc/multiqc_data/multiqc_fastqc.txt",
                "multiqc/multiqc_data/multiqc_general_stats.txt",
                "multiqc/multiqc_data/multiqc_software_versions.txt",
                "multiqc/multiqc_data/multiqc_sources.txt",
                "multiqc/multiqc_report.html",
                "pipeline_info",
                "pipeline_info/nf_core_demo_software_mqc_versions.yml"
            ],
            [
                "cowpy.txt:md5,9c8be9f4550989b40901f379cb1a605f",
                "SAMPLE1_PE_1_fastqc.html:md5,b8f39b1132e08df4f7156b2f939a5ffd",
                "SAMPLE1_PE_2_fastqc.html:md5,b446397d1660841c9ae419a56b68074b",
                "SAMPLE2_PE_1_fastqc.html:md5,1fb86bc14c6c395a9f2a135cfd5e1960",
                "SAMPLE2_PE_2_fastqc.html:md5,2bbe0772dd3d41edd53fe8a5ad00c952",
                "SAMPLE3_SE_1_fastqc.html:md5,5c3c74d38ad82c233e8d810cdff63506",
                "SAMPLE3_SE_2_fastqc.html:md5,c1071faf40a0769c0f91a5bf68d73296",
                "SAMPLE1_PE_sample1_R1.fastq.gz:md5,7dd2fd0d542d9259d9aed53550907fae",
                "SAMPLE1_PE_sample1_R2.fastq.gz:md5,1995fe8488384d801807805f26ceca8a",
                "SAMPLE2_PE_sample2_R1.fastq.gz:md5,05dba9c26396cbdbe0e6da26f037106e",
                "SAMPLE2_PE_sample2_R2.fastq.gz:md5,63d5e4ac37927c2ecec4b74d2ff99a10",
                "SAMPLE3_SE_sample1_R1.fastq.gz:md5,7dd2fd0d542d9259d9aed53550907fae",
                "SAMPLE3_SE_sample2_R1.fastq.gz:md5,05dba9c26396cbdbe0e6da26f037106e"
            ]
        ],
        "timestamp": "2026-06-29T10:58:05.668915",
        "meta": {
            "nf-test": "0.9.5",
            "nextflow": "26.04.2"
        }
    }
}