{
    "Nextflow run nf-core/demo - docker,test": {
        "content": [
            [
                [
                    "cowpy.txt:md5,9c8be9f4550989b40901f379cb1a605f"
                ],
                [
                    [
                        "SAMPLE1_PE_1_fastqc.html:md5,b8f39b1132e08df4f7156b2f939a5ffd",
                        "SAMPLE1_PE_2_fastqc.html:md5,b446397d1660841c9ae419a56b68074b"
                    ],
                    [
                        "SAMPLE2_PE_1_fastqc.html:md5,1fb86bc14c6c395a9f2a135cfd5e1960",
                        "SAMPLE2_PE_2_fastqc.html:md5,2bbe0772dd3d41edd53fe8a5ad00c952"
                    ],
                    [
                        "SAMPLE3_SE_1_fastqc.html:md5,5c3c74d38ad82c233e8d810cdff63506",
                        "SAMPLE3_SE_2_fastqc.html:md5,c1071faf40a0769c0f91a5bf68d73296"
                    ]
                ],
                [
                    [
                        "SAMPLE1_PE_sample1_R1.fastq.gz:md5,7dd2fd0d542d9259d9aed53550907fae",
                        "SAMPLE1_PE_sample1_R2.fastq.gz:md5,1995fe8488384d801807805f26ceca8a"
                    ],
                    [
                        "SAMPLE2_PE_sample2_R1.fastq.gz:md5,05dba9c26396cbdbe0e6da26f037106e",
                        "SAMPLE2_PE_sample2_R2.fastq.gz:md5,63d5e4ac37927c2ecec4b74d2ff99a10"
                    ],
                    [
                        "SAMPLE3_SE_sample1_R1.fastq.gz:md5,7dd2fd0d542d9259d9aed53550907fae",
                        "SAMPLE3_SE_sample2_R1.fastq.gz:md5,05dba9c26396cbdbe0e6da26f037106e"
                    ]
                ],
                [
                    [
                        "fastqc-status-check-heatmap.txt:md5,0f1975c565a16bf09be08a05c204ded7",
                        "fastqc_overrepresented_sequences_plot.txt:md5,4b23cea39c4e23deef6b97810bc1ee46",
                        "fastqc_per_base_n_content_plot.txt:md5,037692101c0130c72493d3bbfa3afac1",
                        "fastqc_per_base_sequence_quality_plot.txt:md5,bfe735f3e31befe13bdf6761bb297d6e",
                        "fastqc_per_sequence_gc_content_plot_Counts.txt:md5,7108d19c46ef7883e864ba274c457d2e",
                        "fastqc_per_sequence_gc_content_plot_Percentages.txt:md5,23f527c80a148e4f34e5a43f6e520a90",
                        "fastqc_per_sequence_quality_scores_plot.txt:md5,a0cc0e6df7bfb05257da1cfc88b13c50",
                        "fastqc_sequence_counts_plot.txt:md5,c6e4e1588e6765fe8df27812a1322fbd",
                        "fastqc_sequence_duplication_levels_plot.txt:md5,3cde2db4033f6c64648976d1174db925",
                        "fastqc_sequence_length_distribution_plot.txt:md5,e82b9b14a7e24c0c5f27af97cebb6870",
                        "fastqc_top_overrepresented_sequences_table.txt:md5,c3e4443681ebb6cea6bb2f1b63a0072c",
                        "llms-full.txt:md5,233aaf2cb62a7c9cd273decbe605a81d",
                        "multiqc.log:md5,fbaf1c02a3465aeff85b5af79dbc4b35",
                        "multiqc.parquet:md5,ea43f302038252d78d63636502050494",
                        "multiqc_citations.txt:md5,4c806e63a283ec1b7e78cdae3a923d4f",
                        "multiqc_data.json:md5,82870c14fc4e70c7ee8acd2f8fe751a6",
                        "multiqc_fastqc.txt:md5,1a41c2158adc9947bff9232962f70110",
                        "multiqc_general_stats.txt:md5,0b54e4e764665bd57fe0f95216744a78",
                        "multiqc_software_versions.txt:md5,97e94f53ceb84d4684be0e89c58adf70",
                        "multiqc_sources.txt:md5,62d47e5fc905bbf2a0c9cf153b30e1b1"
                    ],
                    "multiqc_report.html:md5,5a459ea005e55b33a1325ee729376405"
                ],
                [
                    "execution_report_2026-06-29_09-53-06.html:md5,3ae0ebaafe0cf727d4cc2ef3538aa6a7",
                    "execution_timeline_2026-06-29_09-53-06.html:md5,2f41588f0b457d4ca3bd33fcef404c7a",
                    "execution_trace_2026-06-29_09-53-06.txt:md5,8388a7ae4f961ae1b38e986959eb3c82",
                    "nf_core_demo_software_mqc_versions.yml:md5,74326c85ce13ec18c2e46093f80c5f48",
                    "params_2026-06-29_09-53-08.json:md5,949bdb63810a36f20a9b5ff18e107e52",
                    "pipeline_dag_2026-06-29_09-53-06.html:md5,4e21647af37ae169f495672d9285c2d1"
                ]
            ]
        ],
        "timestamp": "2026-06-29T09:53:37.049382",
        "meta": {
            "nf-test": "0.9.5",
            "nextflow": "26.04.2"
        }
    }
}