{
    "-profile test (stub runs for all pipelines)": {
        "content": [
            null,
            [
                "pipeline_info",
                "pipeline_info/oncoflow_software_versions.yml"
            ],
            [
                
            ]
        ],
        "timestamp": "2026-07-03T10:06:07.707367",
        "meta": {
            "nf-test": "0.9.5",
            "nextflow": "25.10.4"
        }
    }
}