{
    "-profile test": {
        "content": [
            null,
            [
                "clinical",
                "clinical/results",
                "clinical/results/alignments",
                "clinical/results/alignments/subject_a_normal.cram",
                "clinical/results/alignments/subject_a_normal.cram.crai",
                "clinical/results/alignments/subject_a_tumor.cram",
                "clinical/results/alignments/subject_a_tumor.cram.crai",
                "clinical/results/multiqc",
                "clinical/results/multiqc/multiqc_data",
                "clinical/results/multiqc/multiqc_data/llms-full.txt",
                "clinical/results/multiqc/multiqc_data/multiqc.log",
                "clinical/results/multiqc/multiqc_data/multiqc.parquet",
                "clinical/results/multiqc/multiqc_data/multiqc_citations.txt",
                "clinical/results/multiqc/multiqc_data/multiqc_data.json",
                "clinical/results/multiqc/multiqc_data/multiqc_software_versions.txt",
                "clinical/results/multiqc/multiqc_data/multiqc_sources.txt",
                "clinical/results/multiqc/multiqc_report.html",
                "clinical/results/pipeline_info",
                "clinical/results/pipeline_info/execution_report_2026-06-29_14-37-19.html",
                "clinical/results/pipeline_info/execution_timeline_2026-06-29_14-37-19.html",
                "clinical/results/pipeline_info/execution_trace_2026-06-29_14-37-19.txt",
                "clinical/results/pipeline_info/oncorefiner_software_mqc_versions.yml",
                "clinical/results/pipeline_info/params_2026-06-29_14-37-21.json",
                "clinical/results/pipeline_info/pipeline_dag_2026-06-29_14-37-19.html",
                "clinical/results/process_svs",
                "clinical/results/process_svs/test_tumor_normal_case_clinical.vcf.gz",
                "clinical/results/process_svs/test_tumor_normal_case_clinical.vcf.gz.tbi",
                "clinical/results/process_svs/test_tumor_normal_case_research.vcf.gz",
                "clinical/results/process_svs/test_tumor_normal_case_research.vcf.gz.tbi",
                "clinical/results/snv",
                "clinical/results/snv/test_tumor_normal_case_clinical.vcf.gz",
                "clinical/results/snv/test_tumor_normal_case_clinical.vcf.gz.tbi",
                "clinical/results/snv/test_tumor_normal_case_genmod_score.vcf.gz",
                "clinical/results/snv/test_tumor_normal_case_genmod_score.vcf.gz.tbi",
                "clinical/results/snv/test_tumor_normal_case_vcfanno.vcf.gz",
                "clinical/results/snv/test_tumor_normal_case_vcfanno.vcf.gz.tbi",
                "clinical/results/snv/test_tumor_normal_case_vep.vcf.gz",
                "clinical/results/snv/test_tumor_normal_case_vep.vcf.gz.tbi",
                "clinical/results/snv/test_tumor_normal_case_vep.vcf.gz_summary.html",
                "clinical/results/vcf2cytosure",
                "clinical/results/vcf2cytosure/normal.cgh",
                "clinical/results/vcf2cytosure/tumor.cgh",
                "clinical/results/vep",
                "clinical/results/vep/test_tumor_normal_case_svdbquery_vep.vcf.gz",
                "clinical/results/vep/test_tumor_normal_case_svdbquery_vep.vcf.gz.tbi",
                "clinical/results/vep/test_tumor_normal_case_svdbquery_vep.vcf.gz_summary.html",
                "pipeline_info"
            ],
            [
                "subject_a_normal.cram:md5,b1c8fc9542a21714ad927397026fd5d4",
                "subject_a_normal.cram.crai:md5,7334cd4cc92cae5faff86b1a0ce40e90",
                "subject_a_tumor.cram:md5,49d36ce3ed58ec8ca70195fda99855cf",
                "subject_a_tumor.cram.crai:md5,123d78198a383a28450aa08989bf1cfc",
                "llms-full.txt:md5,d90f862c9282f5588a8de80b3a03d9ea",
                "multiqc.log:md5,493f1897a9c4f36fe2efb1c784248023",
                "multiqc.parquet:md5,f6496d3519e52316c37521491aeae160",
                "multiqc_citations.txt:md5,4c806e63a283ec1b7e78cdae3a923d4f",
                "multiqc_data.json:md5,2475aacb7d7c1961ec2da2da26a36920",
                "multiqc_software_versions.txt:md5,4346ad68c89cd2d4bf9a83d11b7fdb37",
                "multiqc_sources.txt:md5,d2a044df39ce3c6abe5cdc2d67473490",
                "multiqc_report.html:md5,25b18855b9dd12ad49b60bcda236905e",
                "execution_report_2026-06-29_14-37-19.html:md5,167820df4329931adee6be4466e53971",
                "execution_timeline_2026-06-29_14-37-19.html:md5,b5d8cc3e8fa0ce80567b4bfea854e0fd",
                "execution_trace_2026-06-29_14-37-19.txt:md5,c60f3947f24bceb328cd8c1c6dad224d",
                "oncorefiner_software_mqc_versions.yml:md5,a5e3ef8c43cba127d8bef77a13b0f8da",
                "params_2026-06-29_14-37-21.json:md5,7b9ba3017742cef671903083178afc6e",
                "pipeline_dag_2026-06-29_14-37-19.html:md5,b8dc8d7000c16713d4ec97f755fd9318",
                "test_tumor_normal_case_clinical.vcf.gz:md5,93b9218fbe47c4aa2e21a38333a2ddf9",
                "test_tumor_normal_case_clinical.vcf.gz.tbi:md5,21b651cd5f27c7adc9c45fff877b3f41",
                "test_tumor_normal_case_research.vcf.gz:md5,f38a1dbc0b8ec81671042d0c41cf7f22",
                "test_tumor_normal_case_research.vcf.gz.tbi:md5,96ae7d2a1ddb85fbfebc0489dbb0058b",
                "test_tumor_normal_case_clinical.vcf.gz:md5,a2c18ce938b089628feb321759082839",
                "test_tumor_normal_case_clinical.vcf.gz.tbi:md5,17a7cce4e1aabb7f9407f76b694b93be",
                "test_tumor_normal_case_genmod_score.vcf.gz:md5,191b3ecce744fdd28214bb6df11bc834",
                "test_tumor_normal_case_genmod_score.vcf.gz.tbi:md5,5fd1793bcb6fc89525f1bce30e04953c",
                "test_tumor_normal_case_vcfanno.vcf.gz:md5,8c3809184ebe42023ead9f5bd58c4c6d",
                "test_tumor_normal_case_vcfanno.vcf.gz.tbi:md5,354ac07a0089ae22aec03eb3996f1888",
                "test_tumor_normal_case_vep.vcf.gz:md5,b2ab20413829c3eb450225e7f90e9638",
                "test_tumor_normal_case_vep.vcf.gz.tbi:md5,cfa252441ca93edf57ab3b99fee837f1",
                "test_tumor_normal_case_vep.vcf.gz_summary.html:md5,ad7850147bcf7e3871a2b2c1a52e1d11",
                "normal.cgh:md5,4d969b296e558f0fc911844f35fad6e9",
                "tumor.cgh:md5,dd4ac501252ca74cb364ae447ec6b3eb",
                "test_tumor_normal_case_svdbquery_vep.vcf.gz:md5,a5e8c5c6b35751419a1266314e1f1cd1",
                "test_tumor_normal_case_svdbquery_vep.vcf.gz.tbi:md5,fa800fdf36eb8789a50abddd1d444537",
                "test_tumor_normal_case_svdbquery_vep.vcf.gz_summary.html:md5,a7afb4cc1f807d5f98ff36fae024596f"
            ]
        ],
        "timestamp": "2026-06-29T14:41:51.395738",
        "meta": {
            "nf-test": "0.9.5",
            "nextflow": "26.04.4"
        }
    }
}