{
    "With oncoanalyser params list -stub": {
        "content": [
            {
                "0": [
                    "pipeline_params.yaml:md5,d41d8cd98f00b204e9800998ecf8427e"
                ],
                "1": [
                    [
                        "CREATE_PARAMS_FILE",
                        "createparamsfile",
                        "1.0"
                    ]
                ],
                "params_file": [
                    "pipeline_params.yaml:md5,d41d8cd98f00b204e9800998ecf8427e"
                ],
                "versions_createparamsfile": [
                    [
                        "CREATE_PARAMS_FILE",
                        "createparamsfile",
                        "1.0"
                    ]
                ]
            }
        ],
        "timestamp": "2026-07-09T10:27:45.65139",
        "meta": {
            "nf-test": "0.9.5",
            "nextflow": "25.10.4"
        }
    },
    "With oncoanalyser params list": {
        "content": [
            {
                "0": [
                    "pipeline_params.yaml:md5,ae88cb695685959dc4d970c61347728d"
                ],
                "1": [
                    [
                        "CREATE_PARAMS_FILE",
                        "createparamsfile",
                        "1.0"
                    ]
                ],
                "params_file": [
                    "pipeline_params.yaml:md5,ae88cb695685959dc4d970c61347728d"
                ],
                "versions_createparamsfile": [
                    [
                        "CREATE_PARAMS_FILE",
                        "createparamsfile",
                        "1.0"
                    ]
                ]
            }
        ],
        "timestamp": "2026-07-09T10:27:12.050778",
        "meta": {
            "nf-test": "0.9.5",
            "nextflow": "25.10.4"
        }
    }
}