{
    "Given a valid oncoanalyser results directory": {
        "content": [
            {
                "0": [
                    "oncorefiner_params.yaml:md5,2f1b615720d5629714cf3e237faffa60"
                ],
                "1": [
                    [
                        "CREATE_ONCOREFINER_PARAMS_FILE",
                        "createoncorefinerparamsfile",
                        "1.0"
                    ]
                ],
                "params_file": [
                    "oncorefiner_params.yaml:md5,2f1b615720d5629714cf3e237faffa60"
                ],
                "versions_createoncorefinerparamsfile": [
                    [
                        "CREATE_ONCOREFINER_PARAMS_FILE",
                        "createoncorefinerparamsfile",
                        "1.0"
                    ]
                ]
            }
        ],
        "timestamp": "2026-07-06T16:45:24.231416",
        "meta": {
            "nf-test": "0.9.5",
            "nextflow": "25.10.4"
        }
    },
    "-stub": {
        "content": [
            {
                "0": [
                    "oncorefiner_params.yaml:md5,d41d8cd98f00b204e9800998ecf8427e"
                ],
                "1": [
                    [
                        "CREATE_ONCOREFINER_PARAMS_FILE",
                        "createoncorefinerparamsfile",
                        "1.0"
                    ]
                ],
                "params_file": [
                    "oncorefiner_params.yaml:md5,d41d8cd98f00b204e9800998ecf8427e"
                ],
                "versions_createoncorefinerparamsfile": [
                    [
                        "CREATE_ONCOREFINER_PARAMS_FILE",
                        "createoncorefinerparamsfile",
                        "1.0"
                    ]
                ]
            }
        ],
        "timestamp": "2026-07-06T14:09:16.928105",
        "meta": {
            "nf-test": "0.9.5",
            "nextflow": "25.10.4"
        }
    }
}